[20:54:24] [main/INFO] (FabricLoader/GameProvider) Loading Minecraft 1.21.9 with Fabric Loader 0.19.3
[20:54:24] [main/INFO] (FabricLoader) Loading 52 mods:
	- fabric-api 0.134.1+1.21.9
	- fabric-api-base 1.0.0+14b92d897d
	- fabric-api-lookup-api-v1 1.6.106+d17682157d
	- fabric-biome-api-v1 16.1.0+c2417d4f7d
	- fabric-block-api-v1 1.1.5+d17682157d
	- fabric-block-view-api-v2 1.0.34+e4fd1b927d
	- fabric-client-gametest-api-v1 4.2.13+14b92d897d
	- fabric-command-api-v2 2.3.7+328a75ba7d
	- fabric-content-registries-v0 10.2.3+b6a242647d
	- fabric-convention-tags-v1 2.1.47+7f945d5b7d
	- fabric-convention-tags-v2 2.15.12+3154c1c87d
	- fabric-crash-report-info-v1 0.3.18+33df5e6e7d
	- fabric-data-attachment-api-v1 1.8.28+9bce411b7d
	- fabric-data-generation-api-v1 23.2.22+d8b85ef17d
	- fabric-dimensions-v1 4.0.22+38b9cc197d
	- fabric-entity-events-v1 2.1.12+14b92d897d
	- fabric-events-interaction-v0 4.0.35+5ba217127d
	- fabric-game-rule-api-v1 1.1.1+e47eaae57d
	- fabric-gametest-api-v1 3.1.18+33df5e6e7d
	- fabric-item-api-v1 11.5.8+9bce411b7d
	- fabric-item-group-api-v1 4.2.24+86b3ae577d
	- fabric-key-binding-api-v1 1.1.1+b3ba9c487d
	- fabric-lifecycle-events-v1 2.6.9+33df5e6e7d
	- fabric-loot-api-v2 3.0.64+3f89f5a57d
	- fabric-loot-api-v3 2.0.11+d17682157d
	- fabric-message-api-v1 6.1.7+3154c1c87d
	- fabric-model-loading-api-v1 6.0.1+3ffd6ef07d
	- fabric-networking-api-v1 5.0.13+d269470c7d
	- fabric-object-builder-api-v1 21.1.24+9bce411b7d
	- fabric-particles-v1 4.2.2+a0ee59a47d
	- fabric-recipe-api-v1 8.1.26+d17682157d
	- fabric-registry-sync-v0 6.1.41+679c8c5c7d
	- fabric-renderer-api-v1 7.1.2+c523dc837d
	- fabric-renderer-indigo 4.0.20+c523dc837d
	- fabric-rendering-fluids-v1 3.1.38+86b3ae577d
	- fabric-rendering-v1 16.0.1+328a75ba7d
	- fabric-resource-conditions-api-v1 5.0.28+33df5e6e7d
	- fabric-resource-loader-v0 3.2.2+3388a3b27d
	- fabric-resource-loader-v1 1.0.2+225bca407d
	- fabric-screen-api-v1 3.1.0+9c82a7987d
	- fabric-screen-handler-api-v1 1.3.150+d17682157d
	- fabric-serialization-api-v1 1.0.0+d857c9767d
	- fabric-sound-api-v1 1.0.45+328a75ba7d
	- fabric-tag-api-v1 1.2.10+2fa446b27d
	- fabric-transfer-api-v1 6.0.15+79ec2c127d
	- fabric-transitive-access-wideners-v1 6.5.3+41eb43437d
	- fabricloader 0.19.3
	   \-- mixinextras 0.5.4
	- java 25
	- keymapviewer 1.0.2+1.21.9
	- malilib 0.26.8
	- minecraft 1.21.9
[20:54:29] [main/INFO] (FabricLoader/Mixin) SpongePowered MIXIN Subsystem Version=0.8.7 Source=file:/C:/Users/%e6%98%9f%e6%9e%97/.gradle/caches/modules-2/files-2.1/net.fabricmc/sponge-mixin/0.17.3+mixin.0.8.7/41c4a3984a80f4679e759fb9f495587acc5cdac7/sponge-mixin-0.17.3+mixin.0.8.7.jar Service=Knot/Fabric Env=CLIENT
[20:54:29] [main/INFO] (FabricLoader/Mixin) Loaded Fabric development mappings for mixin remapper!
[20:54:29] [main/INFO] (FabricLoader/Mixin) Compatibility level set to JAVA_21
[20:54:30] [main/INFO] (FabricLoader/MixinExtras|Service) Initializing MixinExtras via com.llamalad7.mixinextras.service.MixinExtrasServiceImpl(version=0.5.4).
[20:54:31] [Datafixer Bootstrap/INFO] (Minecraft) 278 Datafixer optimizations took 330 milliseconds
[20:54:37] [main/INFO] (malilib) Sodium: [N/F], Iris: [N/F]
[20:54:37] [Render thread/INFO] (Minecraft) Environment: Environment[sessionHost=https://sessionserver.mojang.com, servicesHost=https://api.minecraftservices.com, profilesHost=https://api.mojang.com, name=PROD]
[20:54:37] [Render thread/INFO] (Minecraft) Setting user: Player283
[20:54:37] [Render thread/INFO] (keymapviewer) [keymapviewer] registered into MaLiLib mod list
[20:54:37] [Render thread/INFO] (Indigo) [Indigo] Registering Indigo renderer!
[20:54:38] [Render thread/INFO] (Minecraft) [STDERR]: [LWJGL] [ThreadLocalUtil] Unsupported JNI version detected, this may result in a crash. Please inform LWJGL developers.
[20:54:38] [Download-2/ERROR] (Minecraft) Failed to fetch user properties
com.mojang.authlib.exceptions.InvalidCredentialsException: Status: 401
	at knot/com.mojang.authlib.exceptions.MinecraftClientHttpException.toAuthenticationException(MinecraftClientHttpException.java:59) ~[authlib-7.0.61.jar:?]
	at knot/com.mojang.authlib.yggdrasil.YggdrasilUserApiService.fetchProperties(YggdrasilUserApiService.java:150) ~[authlib-7.0.61.jar:?]
	at knot/net.minecraft.client.Minecraft.method_55608(Minecraft.java:465) [minecraft-merged-852af5dcf5-1.21.9-loom.mappings.1_21_9.layered+hash.2198-v2.jar:?]
	at java.base/java.util.concurrent.CompletableFuture$AsyncSupply.run(CompletableFuture.java:1789) [?:?]
	at java.base/java.util.concurrent.ThreadPoolExecutor.runWorker(ThreadPoolExecutor.java:1090) [?:?]
	at java.base/java.util.concurrent.ThreadPoolExecutor$Worker.run(ThreadPoolExecutor.java:614) [?:?]
	at java.base/java.lang.Thread.run(Thread.java:1474) [?:?]
Caused by: com.mojang.authlib.exceptions.MinecraftClientHttpException: Status: 401
	at knot/com.mojang.authlib.minecraft.client.MinecraftClient.readInputStream(MinecraftClient.java:103) ~[authlib-7.0.61.jar:?]
	at knot/com.mojang.authlib.minecraft.client.MinecraftClient.get(MinecraftClient.java:56) ~[authlib-7.0.61.jar:?]
	at knot/com.mojang.authlib.yggdrasil.YggdrasilUserApiService.fetchProperties(YggdrasilUserApiService.java:121) ~[authlib-7.0.61.jar:?]
	... 5 more
[20:54:38] [Render thread/INFO] (Minecraft) Backend library: LWJGL version 3.3.3-snapshot
[20:54:39] [Render thread/INFO] (Minecraft) Using optional rendering extensions: GL_ARB_buffer_storage, GL_KHR_debug, GL_ARB_vertex_attrib_binding, GL_ARB_direct_state_access
[20:54:39] [Render thread/WARN] (malilib) onRegisterSpecialGuiRenderer():
[20:54:40] [Render thread/INFO] (Minecraft) Reloading ResourceManager: vanilla, fabric, fabric-api, fabric-api-base, fabric-api-lookup-api-v1, fabric-biome-api-v1, fabric-block-api-v1, fabric-block-view-api-v2, fabric-client-gametest-api-v1, fabric-command-api-v2, fabric-content-registries-v0, fabric-convention-tags-v1, fabric-convention-tags-v2, fabric-crash-report-info-v1, fabric-data-attachment-api-v1, fabric-data-generation-api-v1, fabric-dimensions-v1, fabric-entity-events-v1, fabric-events-interaction-v0, fabric-game-rule-api-v1, fabric-gametest-api-v1, fabric-item-api-v1, fabric-item-group-api-v1, fabric-key-binding-api-v1, fabric-lifecycle-events-v1, fabric-loot-api-v2, fabric-loot-api-v3, fabric-message-api-v1, fabric-model-loading-api-v1, fabric-networking-api-v1, fabric-object-builder-api-v1, fabric-particles-v1, fabric-recipe-api-v1, fabric-registry-sync-v0, fabric-renderer-api-v1, fabric-renderer-indigo, fabric-rendering-fluids-v1, fabric-rendering-v1, fabric-resource-conditions-api-v1, fabric-resource-loader-v0, fabric-resource-loader-v1, fabric-screen-api-v1, fabric-screen-handler-api-v1, fabric-serialization-api-v1, fabric-sound-api-v1, fabric-tag-api-v1, fabric-transfer-api-v1, fabric-transitive-access-wideners-v1, fabricloader, keymapviewer, malilib
[20:54:40] [Worker-Main-12/INFO] (Minecraft) Found unifont_pua-16.0.03.hex, loading
[20:54:40] [Worker-Main-3/INFO] (Minecraft) Found unifont_all_no_pua-16.0.03.hex, loading
[20:54:40] [Download-2/INFO] (Minecraft) Could not authorize you against Realms server: java.lang.RuntimeException: Failed to parse into SignedJWT: FabricMC
[20:54:40] [Download-2/ERROR] (Minecraft) Failed to fetch Realms feature flags
com.mojang.realmsclient.exception.RealmsServiceException: Realms authentication error with message 'java.lang.RuntimeException: Failed to parse into SignedJWT: FabricMC'
	at knot/com.mojang.realmsclient.client.RealmsClient.execute(RealmsClient.java:536) ~[minecraft-merged-852af5dcf5-1.21.9-loom.mappings.1_21_9.layered+hash.2198-v2.jar:?]
	at knot/com.mojang.realmsclient.client.RealmsClient.fetchFeatureFlags(RealmsClient.java:189) [minecraft-merged-852af5dcf5-1.21.9-loom.mappings.1_21_9.layered+hash.2198-v2.jar:?]
	at java.base/java.util.concurrent.CompletableFuture$AsyncSupply.run(CompletableFuture.java:1789) [?:?]
	at java.base/java.util.concurrent.ThreadPoolExecutor.runWorker(ThreadPoolExecutor.java:1090) [?:?]
	at java.base/java.util.concurrent.ThreadPoolExecutor$Worker.run(ThreadPoolExecutor.java:614) [?:?]
	at java.base/java.lang.Thread.run(Thread.java:1474) [?:?]
[20:54:40] [Worker-Main-10/INFO] (Minecraft) Found unifont_jp_patch-16.0.03.hex, loading
[20:54:41] [Render thread/INFO] (Minecraft) OpenAL initialized on device OpenAL Soft on 扬声器 (Realtek(R) Audio)
[20:54:41] [Render thread/INFO] (Minecraft) Sound engine started
[20:54:41] [Render thread/INFO] (Minecraft) Created: 512x256x0 minecraft:textures/atlas/particles.png-atlas
[20:54:41] [Render thread/INFO] (Minecraft) Created: 128x64x0 minecraft:textures/atlas/decorated_pot.png-atlas
[20:54:41] [Render thread/INFO] (Minecraft) Created: 2048x1024x0 minecraft:textures/atlas/armor_trims.png-atlas
[20:54:41] [Render thread/INFO] (Minecraft) Created: 512x256x0 minecraft:textures/atlas/paintings.png-atlas
[20:54:41] [Render thread/INFO] (Minecraft) Created: 512x512x0 minecraft:textures/atlas/shield_patterns.png-atlas
[20:54:41] [Render thread/INFO] (Minecraft) Created: 1024x512x4 minecraft:textures/atlas/blocks.png-atlas
[20:54:41] [Render thread/INFO] (Minecraft) Created: 512x256x0 minecraft:textures/atlas/chest.png-atlas
[20:54:41] [Render thread/INFO] (Minecraft) Created: 512x512x0 minecraft:textures/atlas/banner_patterns.png-atlas
[20:54:41] [Render thread/INFO] (Minecraft) Created: 512x256x0 minecraft:textures/atlas/beds.png-atlas
[20:54:41] [Render thread/INFO] (Minecraft) Created: 1024x512x0 minecraft:textures/atlas/gui.png-atlas
[20:54:41] [Render thread/INFO] (Minecraft) Created: 64x64x0 minecraft:textures/atlas/map_decorations.png-atlas
[20:54:41] [Render thread/INFO] (Minecraft) Created: 256x256x0 minecraft:textures/atlas/signs.png-atlas
[20:54:41] [Render thread/INFO] (Minecraft) Created: 512x256x0 minecraft:textures/atlas/shulker_boxes.png-atlas
[20:54:43] [Render thread/INFO] (keymapviewer) [keymapviewer] AUTOTEST settings-opened
[20:54:43] [Render thread/ERROR] (Minecraft) ########## GL ERROR ##########
[20:54:43] [Render thread/ERROR] (Minecraft) @ Render
[20:54:43] [Render thread/ERROR] (Minecraft) 65539: Invalid key -100
[20:54:43] [Render thread/ERROR] (Minecraft) ########## GL ERROR ##########
[20:54:43] [Render thread/ERROR] (Minecraft) @ Render
[20:54:43] [Render thread/ERROR] (Minecraft) 65539: Invalid key -99
[20:54:43] [Render thread/ERROR] (Minecraft) ########## GL ERROR ##########
[20:54:43] [Render thread/ERROR] (Minecraft) @ Render
[20:54:43] [Render thread/ERROR] (Minecraft) 65539: Invalid key -98
[20:54:43] [Render thread/ERROR] (Minecraft) ########## GL ERROR ##########
[20:54:43] [Render thread/ERROR] (Minecraft) @ Render
[20:54:43] [Render thread/ERROR] (Minecraft) 65539: Invalid key -97
[20:54:43] [Render thread/ERROR] (Minecraft) ########## GL ERROR ##########
[20:54:43] [Render thread/ERROR] (Minecraft) @ Render
[20:54:43] [Render thread/ERROR] (Minecraft) 65539: Invalid key -96
[20:54:44] [Render thread/ERROR] (Minecraft) Reported exception thrown!
net.minecraft.ReportedException: Rendering overlay
	at knot/net.minecraft.client.renderer.GameRenderer.render(GameRenderer.java:575) ~[minecraft-merged-852af5dcf5-1.21.9-loom.mappings.1_21_9.layered+hash.2198-v2.jar:?]
	at knot/net.minecraft.client.Minecraft.runTick(Minecraft.java:1380) ~[minecraft-merged-852af5dcf5-1.21.9-loom.mappings.1_21_9.layered+hash.2198-v2.jar:?]
	at knot/net.minecraft.client.Minecraft.run(Minecraft.java:969) [minecraft-merged-852af5dcf5-1.21.9-loom.mappings.1_21_9.layered+hash.2198-v2.jar:?]
	at knot/net.minecraft.client.main.Main.main(Main.java:250) [minecraft-merged-852af5dcf5-1.21.9-loom.mappings.1_21_9.layered+hash.2198-v2.jar:?]
	at net.fabricmc.loader.impl.game.minecraft.MinecraftGameProvider.launch(MinecraftGameProvider.java:514) [fabric-loader-0.19.3.jar:?]
	at net.fabricmc.loader.impl.launch.knot.Knot.launch(Knot.java:72) [fabric-loader-0.19.3.jar:?]
	at net.fabricmc.loader.launch.knot.KnotClient.main(KnotClient.java:28) [fabric-loader-0.19.3.jar:?]
	at net.fabricmc.devlaunchinjector.Main.main(Main.java:86) [dev-launch-injector-0.2.1+build.8.jar:?]
Caused by: java.lang.IllegalAccessError: class fi.dy.masa.malilib.render.GuiContext tried to access private field net.minecraft.client.gui.GuiGraphics.minecraft (fi.dy.masa.malilib.render.GuiContext and net.minecraft.client.gui.GuiGraphics are in unnamed module of loader 'knot' @cb644e)
	at knot/fi.dy.masa.malilib.render.GuiContext.fromGuiGraphics(GuiContext.java:61) ~[malilib-fabric-1.21.11-0.27.18-6d685a31-020948bc49.jar:?]
	at knot/com.keymapviewer.ui.MasaSwitcher.renderAt(MasaSwitcher.java:62) ~[main/:?]
	at knot/com.keymapviewer.ui.KeySettingsScreen.render(KeySettingsScreen.java:529) ~[main/:?]
	at knot/net.minecraft.client.gui.screens.Screen.renderWithTooltipAndSubtitles(Screen.java:115) ~[minecraft-merged-852af5dcf5-1.21.9-loom.mappings.1_21_9.layered+hash.2198-v2.jar:?]
	at knot/net.minecraft.client.gui.screens.LoadingOverlay.render(LoadingOverlay.java:83) ~[minecraft-merged-852af5dcf5-1.21.9-loom.mappings.1_21_9.layered+hash.2198-v2.jar:?]
	at knot/net.minecraft.client.renderer.GameRenderer.render(GameRenderer.java:568) ~[minecraft-merged-852af5dcf5-1.21.9-loom.mappings.1_21_9.layered+hash.2198-v2.jar:?]
	... 7 more
[20:54:44] [Render thread/INFO] (Minecraft) Resizing Dynamic Transforms UBO, capacity limit of 2 reached during a single frame. New capacity will be 4.
